// Jest Snapshot v1, https://goo.gl/fbAQLP

exports[`StickyNote should match the snapshot 1`] = `
Object {
  "asFragment": [Function],
  "baseElement": <body>
    <div>
      <div
        class="column is-half-desktop is-one-third-widescreen is-one-quarter-fullhd"
      >
        <div
          class="card"
        >
          <div
            class="card-content"
          >
            <div
              class="media"
            >
              <div
                class="media-left"
              >
                <figure
                  class="image is-48x48"
                >
                  <img
                    alt="Sarah Edo"
                    src="https://placekitten.com/g/240/240"
                  />
                </figure>
              </div>
              <div
                class="media-content"
              >
                <p
                  class="title is-6"
                >
                  Sarah Edo
                </p>
                <p
                  class="subtitle is-7"
                >
                  9:21:PM | 6/28/2016
                </p>
              </div>
            </div>
            <a
              class="button is-primary is-rounded is-fullwidth"
              data-testid="show-button"
              href="/questions/8xf0y6ziyjabvozdd253nd"
            >
              Show
            </a>
          </div>
        </div>
      </div>
    </div>
  </body>,
  "container": <div>
    <div
      class="column is-half-desktop is-one-third-widescreen is-one-quarter-fullhd"
    >
      <div
        class="card"
      >
        <div
          class="card-content"
        >
          <div
            class="media"
          >
            <div
              class="media-left"
            >
              <figure
                class="image is-48x48"
              >
                <img
                  alt="Sarah Edo"
                  src="https://placekitten.com/g/240/240"
                />
              </figure>
            </div>
            <div
              class="media-content"
            >
              <p
                class="title is-6"
              >
                Sarah Edo
              </p>
              <p
                class="subtitle is-7"
              >
                9:21:PM | 6/28/2016
              </p>
            </div>
          </div>
          <a
            class="button is-primary is-rounded is-fullwidth"
            data-testid="show-button"
            href="/questions/8xf0y6ziyjabvozdd253nd"
          >
            Show
          </a>
        </div>
      </div>
    </div>
  </div>,
  "debug": [Function],
  "findAllByAltText": [Function],
  "findAllByDisplayValue": [Function],
  "findAllByLabelText": [Function],
  "findAllByPlaceholderText": [Function],
  "findAllByRole": [Function],
  "findAllByTestId": [Function],
  "findAllByText": [Function],
  "findAllByTitle": [Function],
  "findByAltText": [Function],
  "findByDisplayValue": [Function],
  "findByLabelText": [Function],
  "findByPlaceholderText": [Function],
  "findByRole": [Function],
  "findByTestId": [Function],
  "findByText": [Function],
  "findByTitle": [Function],
  "getAllByAltText": [Function],
  "getAllByDisplayValue": [Function],
  "getAllByLabelText": [Function],
  "getAllByPlaceholderText": [Function],
  "getAllByRole": [Function],
  "getAllByTestId": [Function],
  "getAllByText": [Function],
  "getAllByTitle": [Function],
  "getByAltText": [Function],
  "getByDisplayValue": [Function],
  "getByLabelText": [Function],
  "getByPlaceholderText": [Function],
  "getByRole": [Function],
  "getByTestId": [Function],
  "getByText": [Function],
  "getByTitle": [Function],
  "queryAllByAltText": [Function],
  "queryAllByDisplayValue": [Function],
  "queryAllByLabelText": [Function],
  "queryAllByPlaceholderText": [Function],
  "queryAllByRole": [Function],
  "queryAllByTestId": [Function],
  "queryAllByText": [Function],
  "queryAllByTitle": [Function],
  "queryByAltText": [Function],
  "queryByDisplayValue": [Function],
  "queryByLabelText": [Function],
  "queryByPlaceholderText": [Function],
  "queryByRole": [Function],
  "queryByTestId": [Function],
  "queryByText": [Function],
  "queryByTitle": [Function],
  "rerender": [Function],
  "unmount": [Function],
}
`;
